PHPUnit 11.5.52 by Sebastian Bergmann and contributors.

Runtime:       PHP 8.2.12
Configuration: D:\MY-PROJECT\portofolio\cv-new-with-admin-panel\my-portofolio-web\backend\phpunit.xml

.F......                                                            8 / 8 (100%)

Time: 00:00.842, Memory: 46.00 MB

There was 1 failure:

1) Tests\Feature\VisitorApiTest::test_returning_visitor_updates_device_details
Failed asserting that a row in the table [visitors] matches the attributes {
    "device_id": "returning-device-456",
    "device_type": "desktop",
    "os": "Windows"
}.

Found similar results: [
    {
        "device_id": "returning-device-456",
        "device_type": "desktop",
        "os": null
    }
].

D:\MY-PROJECT\portofolio\cv-new-with-admin-panel\my-portofolio-web\backend\vendor\laravel\framework\src\Illuminate\Foundation\Testing\Concerns\InteractsWithDatabase.php:43
D:\MY-PROJECT\portofolio\cv-new-with-admin-panel\my-portofolio-web\backend\tests\Feature\VisitorApiTest.php:52

FAILURES!
Tests: 8, Assertions: 19, Failures: 1, PHPUnit Deprecations: 2.
